Hello from AAYU File I/O!